
> nextn@0.1.0 test
> jest audio-event-dispatcher.test.ts

node.exe : Test Suites: 1 failed, 1 total
At C:\Program Files\nodejs\npm.ps1:29 char:3
+   & $NODE_EXE $NPM_CLI_JS $args
+   ~~~~~~~~~~~~~~~~~~~~~~~~~~~~~
    + CategoryInfo          : NotSpecified: (Test Suite 
   s: 1 failed, 1 total:String) [], RemoteException
    + FullyQualifiedErrorId : NativeCommandError
 
Tests:       9 failed, 9 passed, 18 total
Snapshots:   0 total
Time:        17.083 s
Ran all test suites matching 
/audio-event-dispatcher.test.ts/i.
