
> nextn@0.1.0 test
> jest

node.exe : A worker process has failed to 
exit gracefully and has been force 
exited. This is likely caused by tests 
leaking due to improper teardown. Try 
running with --detectOpenHandles to find 
leaks. Active timers can also cause this, 
ensure that .unref() was called on them.
At C:\Program Files\nodejs\npm.ps1:29 
char:3
+   & $NODE_EXE $NPM_CLI_JS $args
+   ~~~~~~~~~~~~~~~~~~~~~~~~~~~~~
    + CategoryInfo          : NotSpecifie 
   d: (A worker proces...called on them.  
  :String) [], RemoteException
    + FullyQualifiedErrorId : NativeComma 
   ndError
 

Summary of all failing tests
FAIL src/core/engines/game/__tests__/narra
tive-templates.test.ts (59.03 s)
  ΓùÅ generateOfflineNarrative produces 
no raw mustache tokens (en)

    expect(received).not.toMatch(expected)

    Matcher error: received value must be 
a string

    Received has value: undefined

    [0m [90m 106 |[39m
     [90m 107 |[39m   [36mconst[39m 
out [33m=[39m 
generateOfflineNarrative(chunk[33m,[39m 
[32m'medium'[39m [36mas[39m 
any[33m,[39m {}[33m,[39m { 
x[33m:[39m [35m0[39m[33m,[39m 
y[33m:[39m [35m0[39m }[33m,[39m t 
[36mas[39m any[33m,[39m 
language[33m,[39m 
previewPlayerState)[33m;[39m
    [31m[1m>[22m[39m[90m 108 |[39m  
 expect(out)[33m.[39mnot[33m.[39mtoMat
ch([35m/{{\s*[^}]+\s*}}/[39m)[33m;[39m
     [90m     |[39m                   
[31m[1m^[22m[39m
     [90m 109 |[39m })[33m;[39m
     [90m 110 |[39m[0m

      at Object.<anonymous> (src/core/engi
nes/game/__tests__/narrative-templates.tes
t.ts:108:19)

FAIL src/lib/game/__tests__/effect-engine.
test.ts (60.398 s)
  ΓùÅ applyTickEffects ΓÇ║ hunger decay 
and starvation damage

    expect(received).toBe(expected) // 
Object.is equality

    Expected: 4
    Received: 3

    [0m [90m 29 |[39m     expect(newSta
ts[33m.[39mhunger)[33m.[39mtoBe([35m0
[39m)[33m;[39m
     [90m 30 |[39m     [90m// hp 
decreased by 1 due starvation[39m
    [31m[1m>[22m[39m[90m 31 |[39m   
  expect(newStats[33m.[39mhp)[33m.[39m
toBe([35m4[39m)[33m;[39m
     [90m    |[39m                      
   [31m[1m^[22m[39m
     [90m 32 |[39m     
expect(messages[33m.[39msome(m 
[33m=>[39m m[33m.[39mtext[33m.[39min
cludes([32m'starving'[39m)))[33m.[39mt
oBeTruthy()[33m;[39m
     [90m 33 |[39m   })[33m;[39m
     [90m 34 |[39m[0m

      at Object.<anonymous> (src/lib/game/
__tests__/effect-engine.test.ts:31:25)


Test Suites: 2 failed, 25 passed, 27 total
Tests:       2 failed, 125 passed, 127 
total
Snapshots:   0 total
Time:        65.466 s, estimated 71 s
Ran all test suites.
